// Jest Snapshot v1, https://goo.gl/fbAQLP

exports[`<SubTotal> should render line 1`] = `
<Fragment>
  <Portal
    name="cart.payment-bar.totals.sub-total.before"
    props={null}
  />
  <Portal
    name="cart.payment-bar.totals.sub-total"
    props={null}
  >
    <CartTotalLine
      isDisabled={false}
      type="subTotal"
    >
      <Label
        label="cart.subtotal"
        labelParams={Object {}}
        showSeparator={true}
      />
      <Amount
        amount={10}
        currency="EUR"
      />
    </CartTotalLine>
  </Portal>
  <Portal
    name="cart.payment-bar.totals.sub-total.after"
    props={null}
  />
</Fragment>
`;
