// Jest Snapshot v1, https://goo.gl/fbAQLP

exports[`<Translate /> Given the component was mounted to the DOM should match snapshot 1`] = `
<I18nProvider>
  <Translate
    acceptPlainTextWithPlaceholders={false}
    className={null}
    params={
      Object {
        "name": "Test",
      }
    }
    role={null}
    string="greeting"
  >
    <span
      className={null}
      role={null}
    >
      Hello Test
    </span>
  </Translate>
</I18nProvider>
`;
