// Jest Snapshot v1, https://goo.gl/fbAQLP

exports[`Filter: <Selector /> should render with minimum props 1`] = `
<FilterItem>
  <Accordion
    className={null}
    contentClassName={null}
    handleLabel="filter.filter_by"
    renderLabel={[Function]}
    testId="foo"
  >
    <div
      className={
        Object {
          "data-css-bb7tjd": "",
        }
      }
    >
      <ValueButton
        id="foo"
        isActive={false}
        key="foo"
        label="fooLabel"
        onClick={[Function]}
      />
      <ValueButton
        id="bar"
        isActive={false}
        key="bar"
        label="barLabel"
        onClick={[Function]}
      />
    </div>
  </Accordion>
</FilterItem>
`;
