// Jest Snapshot v1, https://goo.gl/fbAQLP

exports[`<Tax /> should render and match snapshot 1`] = `
<CartTotalLine
  isDisabled={false}
  type="tax"
>
  <Label
    label="Tax"
    showSeparator={true}
  />
  <Amount
    amount={10}
    currency="EUR"
  />
</CartTotalLine>
`;
