// Jest Snapshot v1, https://goo.gl/fbAQLP

exports[`<CartEmpty /> should render 1`] = `
<div
  className="css-glkfau"
>
  <Portal
    name="cart.empty.before"
    props={null}
  />
  <Portal
    name="cart.empty"
    props={null}
  >
    <div
      className="css-aphe06"
    >
      <div
        className="css-11342l"
      >
        <Icon />
      </div>
      <div
        className="css-b9wt33"
        data-test-id="emptyCartPlaceHolderString"
      >
        <Translate
          className=""
          params={Object {}}
          string="cart.empty"
        />
      </div>
    </div>
  </Portal>
  <Portal
    name="cart.empty.after"
    props={null}
  />
  <div
    className="css-1dq8tqy"
  >
    <RippleButton
      className="css-63oe3q"
      disabled={false}
      flat={false}
      onClick={[Function]}
      rippleClassName=""
      rippleSize={null}
      testId="Button"
      type="secondary"
      wrapContent={true}
    >
      <Translate
        className=""
        params={Object {}}
        string="cart.continue"
      />
    </RippleButton>
  </div>
</div>
`;
