// Jest Snapshot v1, https://goo.gl/fbAQLP

exports[`Pages: <Category /> should render 1`] = `<Category />`;
