// Jest Snapshot v1, https://goo.gl/fbAQLP

exports[`<Backdrop /> should render 1`] = `
<Transition
  childrenStyles={
    Object {
      "appear": Object {
        "opacity": 0.5,
      },
      "base": Object {
        "background": "#000",
        "opacity": 0,
        "transition": "opacity 200ms ease-out",
        "zIndex": 2,
      },
      "enter": Object {
        "opacity": 0.5,
      },
      "leave": Object {
        "opacity": 0,
      },
    }
  }
  component="div"
>
  <div
    aria-hidden={true}
    className="css-hlk66h  common__backdrop"
    data-test-id="Backdrop"
    onClick={[Function]}
  />
</Transition>
`;
