// Jest Snapshot v1, https://goo.gl/fbAQLP

exports[`FilterAttribute: MultiSelect should render single selection 1`] = `
<MultiSelect
  currentAttribute={
    Object {
      "id": "category",
      "label": "Category",
      "values": Array [
        Object {
          "id": "foo",
          "label": "Foo",
          "value": "foo",
        },
        Object {
          "id": "bar",
          "label": "Boo",
          "value": "bar",
        },
      ],
    }
  }
  mergeTemporaryFilters={[MockFunction]}
  removeTemporaryFilter={[MockFunction]}
  temporaryFilters={
    Object {
      "category": Object {
        "values": Array [
          "foo",
        ],
      },
    }
  }
>
  <Attribute>
    <List
      className=""
    >
      <ul
        className="css-gkw1j5 "
      >
        <ListItem
          className={null}
          isSelected={false}
          key="filter-0/.$foo"
        >
          <li
            className="css-1p5q8vq css-16gj3o1"
          >
            <Item
              checked={true}
              key="foo"
              label="Foo"
              onClick={[Function]}
              singleSelect={false}
              value="foo"
            >
              <RippleButton
                className="css-1talckt"
                disabled={false}
                flat={false}
                onClick={[Function]}
                rippleClassName=""
                rippleSize={null}
                testId="Button"
                type="plain"
                wrapContent={true}
              >
                <Button
                  className="css-1talckt"
                  disabled={false}
                  flat={false}
                  onClick={[Function]}
                  testId="Button"
                  type="plain"
                  wrapContent={false}
                >
                  <Button
                    className="css-1xxwysr css-1talckt"
                    disabled={false}
                    onClick={[Function]}
                    testId="Button"
                  >
                    <button
                      className="css-1xxwysr css-1talckt css-1rn65c0"
                      data-test-id="Button"
                      disabled={false}
                      onClick={[Function]}
                    >
                      <Ripple
                        className="css-8s1fw2 "
                        color="#000"
                        disabled={false}
                        fill={true}
                        onComplete={[Function]}
                        overflow={false}
                        size={null}
                      >
                        <div
                          aria-hidden={true}
                          className="css-8s1fw2 "
                          data-test-id="Ripple"
                          onClick={[Function]}
                          style={null}
                        >
                          <Grid
                            className=""
                            component="ul"
                            wrap={false}
                          >
                            <ul
                              className=" css-h7r55a"
                            >
                              <GridItem
                                className=""
                                component="li"
                                grow={1}
                                shrink={1}
                              >
                                <li
                                  className=" css-1gs0ko2"
                                >
                                  <div
                                    className="css-1entl9t"
                                    data-test-id="Foo"
                                  >
                                    Foo
                                  </div>
                                </li>
                              </GridItem>
                              <GridItem
                                className=""
                                component="li"
                                grow={0}
                                shrink={0}
                              >
                                <li
                                  className=" css-1l9a57c"
                                >
                                  <div
                                    className="css-1entl9t"
                                  >
                                    <Checkbox
                                      checked={true}
                                      checkedClassName="css-5oj2eb"
                                      unCheckedClassName="css-1n9afhg"
                                    >
                                      <Checkbox
                                        checked={true}
                                        checkedIcon={
                                          <Checked
                                            className="css-37nc4w css-5oj2eb"
                                          />
                                        }
                                        disabled={false}
                                        label={null}
                                        labelPosition="left"
                                        onCheck={[Function]}
                                        uncheckedIcon={
                                          <Unchecked
                                            className="css-37nc4w css-1n9afhg"
                                          />
                                        }
                                      >
                                        <div
                                          onClick={[Function]}
                                        >
                                          <Checked
                                            className="css-37nc4w css-5oj2eb"
                                          >
                                            <Icon
                                              className="css-37nc4w css-5oj2eb"
                                              color={null}
                                              content="<path d=\\"M19 3H5c-1.11 0-2 .9-2 2v14c0 1.1.89 2 2 2h14c1.11 0 2-.9 2-2V5c0-1.1-.89-2-2-2zm-9 14l-5-5 1.41-1.41L10 14.17l7.59-7.59L19 8l-9 9z\\"/>"
                                              size="inherit"
                                              viewBox="0 0 24 24"
                                            >
                                              <svg
                                                className="css-yys9hb css-37nc4w css-5oj2eb"
                                                dangerouslySetInnerHTML={
                                                  Object {
                                                    "__html": "<path d=\\"M19 3H5c-1.11 0-2 .9-2 2v14c0 1.1.89 2 2 2h14c1.11 0 2-.9 2-2V5c0-1.1-.89-2-2-2zm-9 14l-5-5 1.41-1.41L10 14.17l7.59-7.59L19 8l-9 9z\\"/>",
                                                  }
                                                }
                                                style={
                                                  Object {
                                                    "fill": null,
                                                    "fontSize": "inherit",
                                                  }
                                                }
                                                viewBox="0 0 24 24"
                                                xmlns="http://www.w3.org/2000/svg"
                                              />
                                            </Icon>
                                          </Checked>
                                        </div>
                                      </Checkbox>
                                    </Checkbox>
                                  </div>
                                </li>
                              </GridItem>
                            </ul>
                          </Grid>
                        </div>
                      </Ripple>
                    </button>
                  </Button>
                </Button>
              </RippleButton>
            </Item>
          </li>
        </ListItem>
        <ListItem
          className={null}
          isSelected={false}
          key="filter-1/.$bar"
        >
          <li
            className="css-1p5q8vq css-16gj3o1"
          >
            <Item
              checked={false}
              key="bar"
              label="Boo"
              onClick={[Function]}
              singleSelect={false}
              value="bar"
            >
              <RippleButton
                className="css-1talckt"
                disabled={false}
                flat={false}
                onClick={[Function]}
                rippleClassName=""
                rippleSize={null}
                testId="Button"
                type="plain"
                wrapContent={true}
              >
                <Button
                  className="css-1talckt"
                  disabled={false}
                  flat={false}
                  onClick={[Function]}
                  testId="Button"
                  type="plain"
                  wrapContent={false}
                >
                  <Button
                    className="css-1xxwysr css-1talckt"
                    disabled={false}
                    onClick={[Function]}
                    testId="Button"
                  >
                    <button
                      className="css-1xxwysr css-1talckt css-1rn65c0"
                      data-test-id="Button"
                      disabled={false}
                      onClick={[Function]}
                    >
                      <Ripple
                        className="css-8s1fw2 "
                        color="#000"
                        disabled={false}
                        fill={true}
                        onComplete={[Function]}
                        overflow={false}
                        size={null}
                      >
                        <div
                          aria-hidden={true}
                          className="css-8s1fw2 "
                          data-test-id="Ripple"
                          onClick={[Function]}
                          style={null}
                        >
                          <Grid
                            className=""
                            component="ul"
                            wrap={false}
                          >
                            <ul
                              className=" css-h7r55a"
                            >
                              <GridItem
                                className=""
                                component="li"
                                grow={1}
                                shrink={1}
                              >
                                <li
                                  className=" css-1gs0ko2"
                                >
                                  <div
                                    className="css-1entl9t"
                                    data-test-id="Boo"
                                  >
                                    Boo
                                  </div>
                                </li>
                              </GridItem>
                              <GridItem
                                className=""
                                component="li"
                                grow={0}
                                shrink={0}
                              >
                                <li
                                  className=" css-1l9a57c"
                                >
                                  <div
                                    className="css-1entl9t"
                                  >
                                    <Checkbox
                                      checked={false}
                                      checkedClassName="css-5oj2eb"
                                      unCheckedClassName="css-1n9afhg"
                                    >
                                      <Checkbox
                                        checked={false}
                                        checkedIcon={
                                          <Checked
                                            className="css-37nc4w css-5oj2eb"
                                          />
                                        }
                                        disabled={false}
                                        label={null}
                                        labelPosition="left"
                                        onCheck={[Function]}
                                        uncheckedIcon={
                                          <Unchecked
                                            className="css-37nc4w css-1n9afhg"
                                          />
                                        }
                                      >
                                        <div
                                          onClick={[Function]}
                                        >
                                          <Unchecked
                                            className="css-37nc4w css-1n9afhg"
                                          >
                                            <Icon
                                              className="css-37nc4w css-1n9afhg"
                                              color={null}
                                              content="<path d=\\"M19 5v14H5V5h14m0-2H5c-1.1 0-2 .9-2 2v14c0 1.1.9 2 2 2h14c1.1 0 2-.9 2-2V5c0-1.1-.9-2-2-2z\\"/>"
                                              size="inherit"
                                              viewBox="0 0 24 24"
                                            >
                                              <svg
                                                className="css-yys9hb css-37nc4w css-1n9afhg"
                                                dangerouslySetInnerHTML={
                                                  Object {
                                                    "__html": "<path d=\\"M19 5v14H5V5h14m0-2H5c-1.1 0-2 .9-2 2v14c0 1.1.9 2 2 2h14c1.1 0 2-.9 2-2V5c0-1.1-.9-2-2-2z\\"/>",
                                                  }
                                                }
                                                style={
                                                  Object {
                                                    "fill": null,
                                                    "fontSize": "inherit",
                                                  }
                                                }
                                                viewBox="0 0 24 24"
                                                xmlns="http://www.w3.org/2000/svg"
                                              />
                                            </Icon>
                                          </Unchecked>
                                        </div>
                                      </Checkbox>
                                    </Checkbox>
                                  </div>
                                </li>
                              </GridItem>
                            </ul>
                          </Grid>
                        </div>
                      </Ripple>
                    </button>
                  </Button>
                </Button>
              </RippleButton>
            </Item>
          </li>
        </ListItem>
      </ul>
    </List>
  </Attribute>
  <ClearButton
    currentAttribute={
      Object {
        "id": "category",
        "label": "Category",
        "values": Array [
          Object {
            "id": "foo",
            "label": "Foo",
            "value": "foo",
          },
          Object {
            "id": "bar",
            "label": "Boo",
            "value": "bar",
          },
        ],
      }
    }
    disabled={false}
    removeTemporaryFilter={[Function]}
  >
    <div
      className="css-syjz65"
    >
      <Button
        className=""
        disabled={false}
        flat={true}
        onClick={[Function]}
        testId="clearAllButton"
        type="regular"
        wrapContent={true}
      >
        <Button
          className="css-kevfw8 "
          disabled={false}
          onClick={[Function]}
          testId="clearAllButton"
        >
          <button
            className="css-kevfw8  css-1rn65c0"
            data-test-id="clearAllButton"
            disabled={false}
            onClick={[Function]}
          >
            <div
              className="css-1mhi2x7"
            >
              <Translate
                className=""
                params={Object {}}
                string="filter.clear"
              >
                <span
                  className=""
                >
                  filter.clear
                </span>
              </Translate>
            </div>
          </button>
        </Button>
      </Button>
    </div>
  </ClearButton>
</MultiSelect>
`;
