// Jest Snapshot v1, https://goo.gl/fbAQLP

exports[`Filter: <Item /> should render 1`] = `
<div
  className={
    Object {
      "data-css-qsx8t9": "",
    }
  }
>
  <div>
    Some
  </div>
</div>
`;
