// Jest Snapshot v1, https://goo.gl/fbAQLP

exports[`<SearchButton /> should render without any further props 1`] = `
<button
  className="css-1nlaj2c"
  data-test-id="SearchButton"
>
  <Ripple
    className="css-ugy6xl"
    color="#000"
    disabled={false}
    fill={false}
    onComplete={[Function]}
    overflow={false}
    size={null}
  >
    <Magnifier />
  </Ripple>
</button>
`;
