// Jest Snapshot v1, https://goo.gl/fbAQLP

exports[`CTAs (product header) Rendering should render CTAButtons when data is available 1`] = `
<Provider
  store={
    Object {
      "clearActions": [Function],
      "dispatch": [Function],
      "getActions": [Function],
      "getState": [Function],
      "replaceReducer": [Function],
      "subscribe": [Function],
    }
  }
>
  <Connect(CTAButtons)>
    <CTAButtons
      dispatch={[Function]}
      isFavorite={true}
      productId="product_1"
    >
      <div
        className="css-7azkrx"
      >
        <Connect(FavoritesButton)
          active={true}
          className="css-17gign0"
          noShadow={true}
          productId="product_1"
          rippleClassName="css-1tdptiz"
        >
          <FavoritesButton
            active={true}
            addFavorites={[Function]}
            className="css-17gign0"
            noShadow={true}
            onRippleComplete={[Function]}
            once={false}
            productId="product_1"
            removeFavorites={[Function]}
            removeThrottle={0}
            removeWithRelatives={false}
            rippleClassName="css-1tdptiz"
          />
        </Connect(FavoritesButton)>
      </div>
    </CTAButtons>
  </Connect(CTAButtons)>
</Provider>
`;
