// Jest Snapshot v1, https://goo.gl/fbAQLP

exports[`Rating (product header) Rendering should render rating when data is available 1`] = `
<Provider
  store={
    Object {
      "clearActions": [Function],
      "dispatch": [Function],
      "getActions": [Function],
      "getState": [Function],
      "replaceReducer": [Function],
      "subscribe": [Function],
    }
  }
>
  <Connect(Rating)>
    <Rating
      dispatch={[Function]}
      rating={
        Object {
          "average": 50,
          "count": 4,
        }
      }
    >
      <div
        className="css-1w47iqp"
        onClick={[Function]}
        role="link"
        tabIndex={0}
      >
        <RatingStars
          className=""
          display="big"
          isSelectable={false}
          onSelection={[Function]}
          value={50}
        >
          <div
            aria-label="reviews.rating_stars"
            className="css-13azwyo "
            data-test-id="ratedStars: 2.5"
          >
            <div
              className="css-4s85e9"
            >
              <div
                className="css-1xicacy css-q4owmg"
                key="1"
              >
                <Star
                  className=""
                  color={null}
                  size="1.24em"
                  viewBox="0 0 24 24"
                >
                  <Icon
                    className=""
                    color={null}
                    content="<path d=\\"M12 17.27L18.18 21l-1.64-7.03L22 9.24l-7.19-.61L12 2 9.19 8.63 2 9.24l5.46 4.73L5.82 21z\\"/>"
                    size="1.24em"
                    viewBox="0 0 24 24"
                  >
                    <svg
                      className="css-yys9hb "
                      dangerouslySetInnerHTML={
                        Object {
                          "__html": "<path d=\\"M12 17.27L18.18 21l-1.64-7.03L22 9.24l-7.19-.61L12 2 9.19 8.63 2 9.24l5.46 4.73L5.82 21z\\"/>",
                        }
                      }
                      style={
                        Object {
                          "fill": null,
                          "fontSize": "1.24em",
                        }
                      }
                      viewBox="0 0 24 24"
                      xmlns="http://www.w3.org/2000/svg"
                    />
                  </Icon>
                </Star>
              </div>
              <div
                className="css-1xicacy css-q4owmg"
                key="2"
              >
                <Star
                  className=""
                  color={null}
                  size="1.24em"
                  viewBox="0 0 24 24"
                >
                  <Icon
                    className=""
                    color={null}
                    content="<path d=\\"M12 17.27L18.18 21l-1.64-7.03L22 9.24l-7.19-.61L12 2 9.19 8.63 2 9.24l5.46 4.73L5.82 21z\\"/>"
                    size="1.24em"
                    viewBox="0 0 24 24"
                  >
                    <svg
                      className="css-yys9hb "
                      dangerouslySetInnerHTML={
                        Object {
                          "__html": "<path d=\\"M12 17.27L18.18 21l-1.64-7.03L22 9.24l-7.19-.61L12 2 9.19 8.63 2 9.24l5.46 4.73L5.82 21z\\"/>",
                        }
                      }
                      style={
                        Object {
                          "fill": null,
                          "fontSize": "1.24em",
                        }
                      }
                      viewBox="0 0 24 24"
                      xmlns="http://www.w3.org/2000/svg"
                    />
                  </Icon>
                </Star>
              </div>
              <div
                className="css-1xicacy css-q4owmg"
                key="3"
              >
                <Star
                  className=""
                  color={null}
                  size="1.24em"
                  viewBox="0 0 24 24"
                >
                  <Icon
                    className=""
                    color={null}
                    content="<path d=\\"M12 17.27L18.18 21l-1.64-7.03L22 9.24l-7.19-.61L12 2 9.19 8.63 2 9.24l5.46 4.73L5.82 21z\\"/>"
                    size="1.24em"
                    viewBox="0 0 24 24"
                  >
                    <svg
                      className="css-yys9hb "
                      dangerouslySetInnerHTML={
                        Object {
                          "__html": "<path d=\\"M12 17.27L18.18 21l-1.64-7.03L22 9.24l-7.19-.61L12 2 9.19 8.63 2 9.24l5.46 4.73L5.82 21z\\"/>",
                        }
                      }
                      style={
                        Object {
                          "fill": null,
                          "fontSize": "1.24em",
                        }
                      }
                      viewBox="0 0 24 24"
                      xmlns="http://www.w3.org/2000/svg"
                    />
                  </Icon>
                </Star>
              </div>
              <div
                className="css-1xicacy css-q4owmg"
                key="4"
              >
                <Star
                  className=""
                  color={null}
                  size="1.24em"
                  viewBox="0 0 24 24"
                >
                  <Icon
                    className=""
                    color={null}
                    content="<path d=\\"M12 17.27L18.18 21l-1.64-7.03L22 9.24l-7.19-.61L12 2 9.19 8.63 2 9.24l5.46 4.73L5.82 21z\\"/>"
                    size="1.24em"
                    viewBox="0 0 24 24"
                  >
                    <svg
                      className="css-yys9hb "
                      dangerouslySetInnerHTML={
                        Object {
                          "__html": "<path d=\\"M12 17.27L18.18 21l-1.64-7.03L22 9.24l-7.19-.61L12 2 9.19 8.63 2 9.24l5.46 4.73L5.82 21z\\"/>",
                        }
                      }
                      style={
                        Object {
                          "fill": null,
                          "fontSize": "1.24em",
                        }
                      }
                      viewBox="0 0 24 24"
                      xmlns="http://www.w3.org/2000/svg"
                    />
                  </Icon>
                </Star>
              </div>
              <div
                className="css-1xicacy css-q4owmg"
                key="5"
              >
                <Star
                  className=""
                  color={null}
                  size="1.24em"
                  viewBox="0 0 24 24"
                >
                  <Icon
                    className=""
                    color={null}
                    content="<path d=\\"M12 17.27L18.18 21l-1.64-7.03L22 9.24l-7.19-.61L12 2 9.19 8.63 2 9.24l5.46 4.73L5.82 21z\\"/>"
                    size="1.24em"
                    viewBox="0 0 24 24"
                  >
                    <svg
                      className="css-yys9hb "
                      dangerouslySetInnerHTML={
                        Object {
                          "__html": "<path d=\\"M12 17.27L18.18 21l-1.64-7.03L22 9.24l-7.19-.61L12 2 9.19 8.63 2 9.24l5.46 4.73L5.82 21z\\"/>",
                        }
                      }
                      style={
                        Object {
                          "fill": null,
                          "fontSize": "1.24em",
                        }
                      }
                      viewBox="0 0 24 24"
                      xmlns="http://www.w3.org/2000/svg"
                    />
                  </Icon>
                </Star>
              </div>
            </div>
            <div
              className="css-16y9zin"
            >
              <div
                className="css-1xicacy css-q4owmg"
                key="6"
              >
                <Star
                  className=""
                  color={null}
                  size="1.24em"
                  viewBox="0 0 24 24"
                >
                  <Icon
                    className=""
                    color={null}
                    content="<path d=\\"M12 17.27L18.18 21l-1.64-7.03L22 9.24l-7.19-.61L12 2 9.19 8.63 2 9.24l5.46 4.73L5.82 21z\\"/>"
                    size="1.24em"
                    viewBox="0 0 24 24"
                  >
                    <svg
                      className="css-yys9hb "
                      dangerouslySetInnerHTML={
                        Object {
                          "__html": "<path d=\\"M12 17.27L18.18 21l-1.64-7.03L22 9.24l-7.19-.61L12 2 9.19 8.63 2 9.24l5.46 4.73L5.82 21z\\"/>",
                        }
                      }
                      style={
                        Object {
                          "fill": null,
                          "fontSize": "1.24em",
                        }
                      }
                      viewBox="0 0 24 24"
                      xmlns="http://www.w3.org/2000/svg"
                    />
                  </Icon>
                </Star>
              </div>
              <div
                className="css-1xicacy css-q4owmg"
                key="7"
              >
                <Star
                  className=""
                  color={null}
                  size="1.24em"
                  viewBox="0 0 24 24"
                >
                  <Icon
                    className=""
                    color={null}
                    content="<path d=\\"M12 17.27L18.18 21l-1.64-7.03L22 9.24l-7.19-.61L12 2 9.19 8.63 2 9.24l5.46 4.73L5.82 21z\\"/>"
                    size="1.24em"
                    viewBox="0 0 24 24"
                  >
                    <svg
                      className="css-yys9hb "
                      dangerouslySetInnerHTML={
                        Object {
                          "__html": "<path d=\\"M12 17.27L18.18 21l-1.64-7.03L22 9.24l-7.19-.61L12 2 9.19 8.63 2 9.24l5.46 4.73L5.82 21z\\"/>",
                        }
                      }
                      style={
                        Object {
                          "fill": null,
                          "fontSize": "1.24em",
                        }
                      }
                      viewBox="0 0 24 24"
                      xmlns="http://www.w3.org/2000/svg"
                    />
                  </Icon>
                </Star>
              </div>
              <div
                className="css-1xicacy css-q4owmg"
                key="2"
              >
                <StarHalfIcon
                  className=""
                  color={null}
                  size="1.24em"
                  viewBox="0 0 24 24"
                >
                  <Icon
                    className=""
                    color={null}
                    content="<defs><path id=\\"a\\" d=\\"M0 0h24v24H0z\\"/></defs>
  <clipPath id=\\"b\\"><use xlink:href=\\"#a\\" overflow=\\"visible\\"/></clipPath>
  <path clip-path=\\"ul(#b)\\" d=\\"M12 2L9.2 8.6 2 9.2 7.5 14l-1.6 7 6.2-3.7m-.1-1.9V6.1m2.8 7.3\\"/>"
                    size="1.24em"
                    viewBox="0 0 24 24"
                  >
                    <svg
                      className="css-yys9hb "
                      dangerouslySetInnerHTML={
                        Object {
                          "__html": "<defs><path id=\\"a\\" d=\\"M0 0h24v24H0z\\"/></defs>
  <clipPath id=\\"b\\"><use xlink:href=\\"#a\\" overflow=\\"visible\\"/></clipPath>
  <path clip-path=\\"ul(#b)\\" d=\\"M12 2L9.2 8.6 2 9.2 7.5 14l-1.6 7 6.2-3.7m-.1-1.9V6.1m2.8 7.3\\"/>",
                        }
                      }
                      style={
                        Object {
                          "fill": null,
                          "fontSize": "1.24em",
                        }
                      }
                      viewBox="0 0 24 24"
                      xmlns="http://www.w3.org/2000/svg"
                    />
                  </Icon>
                </StarHalfIcon>
              </div>
            </div>
          </div>
        </RatingStars>
        <RatingCount
          count={4}
          prominent={true}
        >
          <Translate
            className="css-oixusm"
            params={
              Object {
                "count": 4,
              }
            }
            string="reviews.review_count"
          >
            <span
              className="css-oixusm"
            >
              reviews.review_count
            </span>
          </Translate>
        </RatingCount>
      </div>
    </Rating>
  </Connect(Rating)>
</Provider>
`;
