// Jest Snapshot v1, https://goo.gl/fbAQLP

exports[`<LiveshoppingDiscount /> should not render the widget without any data 1`] = `
<LiveshoppingDiscount
  discount={50}
  productId="12345"
>
  <Portal
    name="product-item.discount.before"
    props={
      Object {
        "productId": "12345",
      }
    }
  />
  <Portal
    name="product-item.discount"
    props={
      Object {
        "productId": "12345",
      }
    }
  >
    <DiscountBadge
      className="css-b15hhv"
      discount={50}
      display="big"
      text="liveshopping.discount_badge"
    >
      <div
        className="ui-shared__discount-badge"
        data-test-id="liveshopping.discount_badge"
      >
        <Translate
          acceptPlainTextWithPlaceholders={false}
          className="css-1hahtsy css-b15hhv"
          params={
            Array [
              50,
            ]
          }
          role={null}
          string="liveshopping.discount_badge"
          transform={null}
        >
          <span
            className="css-1hahtsy css-b15hhv"
            role={null}
          >
            liveshopping.discount_badge
          </span>
        </Translate>
      </div>
    </DiscountBadge>
  </Portal>
  <Portal
    name="product-item.discount.after"
    props={
      Object {
        "productId": "12345",
      }
    }
  />
</LiveshoppingDiscount>
`;
