// Jest Snapshot v1, https://goo.gl/fbAQLP

exports[`engage > locations > actions-creators requestLocations 1`] = `
Object {
  "params": Object {
    "codes": Array [
      "code1",
    ],
  },
  "type": "REQUEST_LOCATIONS",
}
`;
