// Jest Snapshot v1, https://goo.gl/fbAQLP

exports[`<WriteReviewLink> should render when current product is set 1`] = `
<Provider
  store={
    Object {
      "clearActions": [Function],
      "dispatch": [Function],
      "getActions": [Function],
      "getState": [Function],
      "replaceReducer": [Function],
      "subscribe": [Function],
    }
  }
>
  <WriteReviewLink
    productId="foo"
  >
    <div
      aria-hidden={true}
      data-test-id="writeReview"
    >
      <Connect(ButtonLink)
        href="/item/666f6f/write_review"
        noGap={true}
      >
        <ButtonLink
          className=""
          disabled={false}
          flat={true}
          href="/item/666f6f/write_review"
          navigate={[Function]}
          noGap={true}
        >
          <ActionButton
            className=""
            disabled={false}
            flat={true}
            loading={false}
            noGap={true}
            onClick={[Function]}
            rippleClassName=""
            rippleSize={null}
            testId={null}
            type="secondary"
            wrapContent={true}
          >
            <div
              className="css-1yv2jt6"
              data-test-id={null}
            >
              <RippleButton
                className=""
                disabled={false}
                flat={true}
                onClick={[Function]}
                rippleClassName=""
                rippleSize={null}
                testId="Button"
                type="secondary"
                wrapContent={true}
              >
                <Button
                  className=""
                  disabled={false}
                  flat={true}
                  onClick={[Function]}
                  testId="Button"
                  type="secondary"
                  wrapContent={false}
                >
                  <Button
                    className="css-4imzno "
                    disabled={false}
                    onClick={[Function]}
                    testId="Button"
                  >
                    <button
                      className="css-4imzno  css-1rn65c0"
                      data-test-id="Button"
                      disabled={false}
                      onClick={[Function]}
                    >
                      <Ripple
                        className="css-1fscwua "
                        color="#000"
                        disabled={false}
                        fill={true}
                        onClick={[Function]}
                        onComplete={[Function]}
                        overflow={false}
                        size={null}
                      >
                        <div
                          className="css-1fscwua "
                          data-test-id="Ripple"
                          onClick={[Function]}
                          style={null}
                        >
                          <Translate
                            className={null}
                            params={Object {}}
                            role={null}
                            string="reviews.button_add"
                            transform={null}
                          >
                            <span
                              className={null}
                              role={null}
                            >
                              reviews.button_add
                            </span>
                          </Translate>
                        </div>
                      </Ripple>
                    </button>
                  </Button>
                </Button>
              </RippleButton>
            </div>
          </ActionButton>
        </ButtonLink>
      </Connect(ButtonLink)>
    </div>
  </WriteReviewLink>
</Provider>
`;
