// Jest Snapshot v1, https://goo.gl/fbAQLP

exports[`<ItemDetails /> should render with minimal props 1`] = `
<div
  className={
    Object {
      "data-css-sr2jsa": "",
    }
  }
  role="button"
  tabIndex={-1}
>
  <Link
    href=""
    state={
      Object {
        "title": "Foo",
      }
    }
  >
    <Swatches
      productId="1234"
    />
  </Link>
  <TextLink
    className="css-nfstwl"
    href=""
    state={
      Object {
        "title": "Foo",
      }
    }
  >
    <ItemName
      display={null}
      name="Foo"
      productId="1234"
    />
  </TextLink>
  <Link
    className="css-1mm725o"
    href=""
    state={
      Object {
        "title": "Foo",
      }
    }
    tag="a"
  >
    <ShortDescription
      shortDescription={null}
    />
    <MapPriceHint
      productId="1234"
    />
    <OrderQuantityHint
      productId="1234"
    />
    <Availability
      showWhenAvailable={false}
      state="AVAILABILITY_STATE_OK"
      text="product.available.not"
    />
    <div
      className="css-193sdzn"
    >
      <ItemPrice
        display={null}
        product={
          Object {
            "id": "1234",
            "name": "Foo",
            "price": Object {},
          }
        }
      />
    </div>
  </Link>
</div>
`;
