// Jest Snapshot v1, https://goo.gl/fbAQLP

exports[`<Quicklinks /> should not render when no quicklinks are there 1`] = `
<Provider
  store={
    Object {
      "dispatch": [Function],
      "getState": [Function],
      "replaceReducer": [Function],
      "subscribe": [Function],
      Symbol(observable): [Function],
    }
  }
>
  <Connect(Quicklinks)>
    <Quicklinks
      dispatch={[Function]}
      entries={Array []}
    />
  </Connect(Quicklinks)>
</Provider>
`;

exports[`<Quicklinks /> should render quicklinks 1`] = `
<Provider
  store={
    Object {
      "dispatch": [Function],
      "getState": [Function],
      "replaceReducer": [Function],
      "subscribe": [Function],
      Symbol(observable): [Function],
    }
  }
>
  <Connect(Quicklinks)>
    <Quicklinks
      dispatch={[Function]}
      entries={
        Array [
          Object {
            "label": "Some Label",
            "url": "/some/url",
          },
          Object {
            "label": "Another Label",
            "url": "/another/url",
          },
        ]
      }
    >
      <Section
        title="navigation.more_menu"
      >
        <Headline
          style={
            Object {
              "margin": "24px 20px 16px",
            }
          }
          tag="h2"
          text="navigation.more_menu"
        >
          <h2
            className="css-18cwfw7"
            data-test-id="Headline"
            style={
              Object {
                "margin": "24px 20px 16px",
              }
            }
          >
            <Translate
              className=""
              params={Object {}}
              string="navigation.more_menu"
            >
              <span
                className=""
              >
                navigation.more_menu
              </span>
            </Translate>
          </h2>
        </Headline>
        <div
          className={
            Object {
              "data-css-13ch7sr": "",
            }
          }
        >
          <MoreMenuItem
            className={null}
            href="/some/url"
            key="/some/url"
            label="Some Label"
            onClick={null}
            testId={null}
          >
            <Link
              className="css-1hj8a57"
              href="/some/url"
            >
              <div>
                <Translate
                  className=""
                  params={Object {}}
                  string="Some Label"
                >
                  <span
                    className=""
                  >
                    Some Label
                  </span>
                </Translate>
              </div>
            </Link>
          </MoreMenuItem>
          <MoreMenuItem
            className={null}
            href="/another/url"
            key="/another/url"
            label="Another Label"
            onClick={null}
            testId={null}
          >
            <Link
              className="css-1hj8a57"
              href="/another/url"
            >
              <div>
                <Translate
                  className=""
                  params={Object {}}
                  string="Another Label"
                >
                  <span
                    className=""
                  >
                    Another Label
                  </span>
                </Translate>
              </div>
            </Link>
          </MoreMenuItem>
        </div>
      </Section>
    </Quicklinks>
  </Connect(Quicklinks)>
</Provider>
`;
